0 fffffdbf trap_AAS_PredictRoute
0 fffffdc0 trap_AAS_AlternativeRouteGoals
0 fffffdc1 trap_BotAddAvoidSpot
0 fffffdc2 trap_BotSetAvoidGoalTime
0 fffffdc3 trap_BotPredictVisiblePosition
0 fffffdc4 trap_BotRemoveFromAvoidGoals
0 fffffdc5 trap_BotGetChatMessage
0 fffffdc6 trap_BotNumInitialChats
0 fffffdc8 trap_BotGetNextCampSpotGoal
0 fffffdc9 trap_BotMutateGoalFuzzyLogic
0 fffffdca trap_BotInterbreedGoalFuzzyLogic
0 fffffdcb trap_GeneticParentsAndChildSelection
0 fffffdcc trap_BotResetWeaponState
0 fffffdcd trap_BotFreeWeaponState
0 fffffdce trap_BotAllocWeaponState
0 fffffdcf trap_BotLoadWeaponWeights
0 fffffdd0 trap_BotGetWeaponInfo
0 fffffdd1 trap_BotChooseBestFightWeapon
0 fffffdd2 trap_BotInitMoveState
0 fffffdd3 trap_BotFreeMoveState
0 fffffdd4 trap_BotAllocMoveState
0 fffffdd5 trap_BotMovementViewTarget
0 fffffdd7 trap_BotResetLastAvoidReach
0 fffffdd8 trap_BotResetAvoidReach
0 fffffdd9 trap_BotMoveInDirection
0 fffffdda trap_BotMoveToGoal
0 fffffddb trap_BotResetMoveState
0 fffffddc trap_BotFreeGoalState
0 fffffddd trap_BotAllocGoalState
0 fffffdde trap_BotSaveGoalFuzzyLogic
0 fffffde0 trap_BotLoadItemWeights
0 fffffde1 trap_BotUpdateEntityItems
0 fffffde4 trap_BotGetLevelItemGoal
0 fffffde5 trap_BotItemGoalInVisButNotVisible
0 fffffde6 trap_BotTouchingGoal
0 fffffde7 trap_BotChooseNBGItem
0 fffffde8 trap_BotChooseLTGItem
0 fffffde9 trap_BotGetSecondGoal
0 fffffdea trap_BotGetTopGoal
0 fffffdeb trap_BotGoalName
0 fffffdec trap_BotDumpGoalStack
0 fffffded trap_BotDumpAvoidGoals
0 fffffdee trap_BotEmptyGoalStack
0 fffffdef trap_BotPopGoal
0 fffffdf0 trap_BotPushGoal
0 fffffdf1 trap_BotResetAvoidGoals
0 fffffdf2 trap_BotResetGoalState
0 fffffdf3 trap_BotSetChatName
0 fffffdf4 trap_BotSetChatGender
0 fffffdf5 trap_BotLoadChatFile
0 fffffdf6 trap_BotReplaceSynonyms
0 fffffdf7 trap_UnifyWhiteSpaces
0 fffffdf8 trap_BotMatchVariable
0 fffffdf9 trap_BotFindMatch
0 fffffdfb trap_BotEnterChat
0 fffffdfd trap_BotReplyChat
0 fffffdfe trap_BotInitialChat
0 fffffdff trap_BotNumConsoleMessages
0 fffffe00 trap_BotNextConsoleMessage
0 fffffe01 trap_BotRemoveConsoleMessage
0 fffffe02 trap_BotQueueConsoleMessage
0 fffffe03 trap_BotFreeChatState
0 fffffe04 trap_BotAllocChatState
0 fffffe05 trap_Characteristic_String
0 fffffe08 trap_Characteristic_BFloat
0 fffffe0a trap_BotFreeCharacter
0 fffffe0b trap_BotLoadCharacter
0 fffffe58 trap_EA_ResetInput
0 fffffe59 trap_EA_GetInput
0 fffffe5b trap_EA_View
0 fffffe5f trap_EA_SelectWeapon
0 fffffe66 trap_EA_Crouch
0 fffffe67 trap_EA_Respawn
0 fffffe68 trap_EA_Use
0 fffffe69 trap_EA_Attack
0 fffffe6a trap_EA_Talk
0 fffffe6b trap_EA_Gesture
0 fffffe6c trap_EA_Action
0 fffffe6d trap_EA_Command
0 fffffe6e trap_EA_SayTeam
0 fffffec1 trap_AAS_PredictClientMovement
0 fffffec2 trap_AAS_Swimming
0 fffffec3 trap_AAS_AreaTravelTimeToGoalArea
0 fffffec4 trap_AAS_AreaReachability
0 fffffec5 trap_AAS_IntForBSPEpairKey
0 fffffec6 trap_AAS_FloatForBSPEpairKey
0 fffffec7 trap_AAS_VectorForBSPEpairKey
0 fffffec8 trap_AAS_ValueForBSPEpairKey
0 fffffec9 trap_AAS_NextBSPEntity
0 fffffeca trap_AAS_PointContents
0 fffffecb trap_AAS_TraceAreas
0 fffffecc trap_AAS_PointAreaNum
0 fffffecd trap_AAS_Time
0 fffffece trap_AAS_PresenceTypeBoundingBox
0 fffffecf trap_AAS_Initialized
0 fffffed0 trap_AAS_EntityInfo
0 fffffed1 trap_AAS_AreaInfo
0 fffffed2 trap_AAS_BBoxAreas
0 fffffed3 trap_AAS_EnableRoutingArea
0 ffffff2c trap_BotUserCommand
0 ffffff2d trap_BotGetServerCommand
0 ffffff2e trap_BotGetSnapshotEntity
0 ffffff30 trap_BotLibUpdateEntity
0 ffffff31 trap_BotLibLoadMap
0 ffffff32 trap_BotLibStartFrame
0 ffffff33 trap_BotLibDefine
0 ffffff35 trap_BotLibVarSet
0 ffffff36 trap_BotLibShutdown
0 ffffff37 trap_BotLibSetup
0 ffffff90 ceil
0 ffffff95 sqrt
0 ffffff96 atan2
0 ffffff97 cos
0 ffffff98 sin
0 ffffff99 strncpy
0 ffffff9a memcpy
0 ffffff9b memset
0 ffffffd5 trap_SnapVector
0 ffffffd9 trap_FS_GetFileList
0 ffffffda trap_GetEntityToken
0 ffffffdb trap_GetUsercmd
0 ffffffdd trap_BotAllocateClient
0 ffffffde trap_EntityContact
0 ffffffdf trap_EntitiesInBox
0 ffffffe0 trap_UnlinkEntity
0 ffffffe1 trap_LinkEntity
0 ffffffe3 trap_AdjustAreaPortalState
0 ffffffe5 trap_InPVS
0 ffffffe6 trap_PointContents
0 ffffffe7 trap_Trace
0 ffffffe8 trap_SetBrushModel
0 ffffffe9 trap_GetServerinfo
0 ffffffea trap_SetUserinfo
0 ffffffeb trap_GetUserinfo
0 ffffffec trap_GetConfigstring
0 ffffffed trap_SetConfigstring
0 ffffffee trap_SendServerCommand
0 ffffffef trap_DropClient
0 fffffff0 trap_LocateGameData
0 fffffff1 trap_SendConsoleCommand
0 fffffff2 trap_FS_FCloseFile
0 fffffff3 trap_FS_Write
0 fffffff4 trap_FS_Read
0 fffffff5 trap_FS_FOpenFile
0 fffffff6 trap_Argv
0 fffffff7 trap_Argc
0 fffffff8 trap_Cvar_VariableStringBuffer
0 fffffff9 trap_Cvar_VariableIntegerValue
0 fffffffa trap_Cvar_Set
0 fffffffb trap_Cvar_Update
0 fffffffc trap_Cvar_Register
0 fffffffd trap_Milliseconds
0 fffffffe trap_Error
0 ffffffff trap_Print
0        0 vmMain
0       96 G_Printf
0       b7 G_BroadcastServerCommand
0       e6 G_Error
0       ff G_FindTeams
0      1f4 G_RemapTeamShaders
0      2c4 G_RegisterCvars
0      34e G_RegisterWeapon
0      424 getAmmoValue^0
0      448 G_SpawnWeapon
0      5cb G_UpdateCvars^0
0      63e G_LocateSpawnSpots^0
0      7d7 G_InitGame^0
0      974 G_ShutdownGame^0
0      9a6 Com_Error
0      9bf Com_Printf
0      9d8 AddTournamentPlayer
0      a52 RemoveTournamentLoser
0      a79 AdjustTournamentScores
0      ace SortRanks^0
0      b85 CalculateRanks
0      e06 SendScoreboardMessageToAllClients^0
0      e2f MoveClientToIntermission
0      eb6 FindIntermissionPoint
0      f25 BeginIntermission
0      f81 ExitLevel
0     102e G_LogPrintf
0     10a6 LogExit
0     118a CheckIntermissionExit
0     125e ScoreIsTied^0
0     12a7 CheckExitRules^0
0     13ae ClearBodyQue^0
0     13e1 G_WarmupEnd^0
0     15d9 CheckTournament^0
0     16fa CheckVote^0
0     175f PrintTeam^0
0     1798 SetLeader
0     1850 CheckTeamLeader
0     191e CheckTeamVote^0
0     19d3 CheckCvars
0     1a00 G_RunThink
0     1a39 G_RunFrame^0
0     1bed BG_FindItemForPowerup
0     1c30 BG_FindItemForWeapon
0     1c63 BG_FindItem
0     1c8e BG_PlayerTouchesItem
0     1ce8 BG_CanItemBeGrabbed
0     1edf BG_EvaluateTrajectory
0     20b1 BG_EvaluateTrajectoryDelta
0     2193 BG_AddPredictableEventToPlayerstate
0     21ce BG_TouchJumpPad
0     2240 BG_PlayerStateToEntityState
0     2449 BG_CleanName
0     2548 Q_strcpy
0     2570 Q_stradd
0     259b Q_strlen
0     25b6 AddInt^2
0     2685 AddFloat^2
0     278e AddString^2
0     2814 ED_vsprintf
0     29fc BG_sprintf
0     2a19 _atoi^2
0     2a89 _atof^2
0     2b41 _atos^2
0     2bbb Q_sscanf
0     2cf6 swapfunc^3
0     2d7d med3^3
0     2e00 qsort
0     31af strlen
0     31ca strcat
0     3200 strcpy
0     3228 strcmp
0     325c strchr
0     3284 strstr
0     32ca tolower
0     32e2 toupper
0     32fa memmove
0     3341 srand
0     3348 rand
0     335d atof
0     341a atoi
0     348e abs
0     34a3 fabs
0     34b8 PM_AddEvent
0     34c9 PM_AddTouchEnt
0     351e PM_StartTorsoAnim^4
0     3541 PM_StartLegsAnim^4
0     356e PM_ContinueLegsAnim^4
0     358e PM_ContinueTorsoAnim^4
0     35ae PM_ForceLegsAnim^4
0     35be PM_ClipVelocity
0     362b PM_Friction^4
0     372e PM_Accelerate^4
0     37a8 PM_CmdScale^4
0     384c PM_SetMovementDir^4
0     396b PM_CheckJump^4
0     39f8 PM_CheckWaterJump^4
0     3adc PM_WaterJumpMove^4
0     3b1d PM_WaterMove^4
0     3c56 PM_InvulnerabilityMove^4
0     3c80 PM_FlyMove^4
0     3d0b PM_AirMove^4
0     3db0 PM_GrappleMove^4
0     3e6e PM_WalkMove^4
0     407a PM_DeadMove^4
0     40f1 PM_NoclipMove^4
0     4245 PM_FootstepForSurface^4
0     425e PM_CrashLand^4
0     435b PM_CorrectAllSolid^4
0     4442 PM_GroundTraceMissed^4
0     44db PM_GroundTrace^4
0     464b PM_SetWaterLevel^4
0     4718 PM_CheckDuck^4
0     4867 PM_Footsteps^4
0     49b0 PM_WaterEvents^4
0     49f3 PM_BeginWeaponChange^4
0     4a4c PM_FinishWeaponChange^4
0     4aa3 PM_TorsoAnimation^4
0     4ac2 PM_Weapon^4
0     4d25 PM_Animate^4
0     4e04 PM_DropTimers^4
0     4e8e PM_UpdateViewAngles
0     4f33 PmoveSingle
0     522c Pmove
0     52cb PM_SlideMove
0     56ab PM_StepSlideMove
0     5833 Q_rand
0     5848 Q_random
0     585a Q_crandom
0     586b VectorCompare
0     5899 VectorLength
0     58ca VectorLengthSquared
0     58f4 VectorInverse
0     5920 CrossProduct
0     5985 DirToByte
0     59e0 vectoangles
0     5a92 ProjectPointOnPlane
0     5b49 Q_fabs
0     5b59 AngleMod
0     5b6b AngleNormalize360
0     5b79 AngleNormalize180
0     5b94 RadiusFromBounds
0     5be7 AddPointToBounds
0     5c58 VectorNormalize
0     5cc6 VectorNormalize2
0     5d3e AngleVectors
0     5e2c PerpendicularVector
0     5e8a COM_BeginParseSession
0     5e9f COM_Parse
0     5eae COM_ParseWarning
0     5ece SkipWhitespace^7
0     5f05 COM_ParseExt
0     605e SkipRestOfLine
0     6098 Com_InitSeparators
0     60aa SkipTillSeparators
0     60ed COM_ParseSep
0     626d Com_Split
0     634b Q_strrchr
0     637f Q_strncpyz
0     63ba Q_stricmpn
0     643d Q_strncmp
0     6487 Q_stricmp
0     6500 Q_strcat
0     652c Q_CleanStr
0     6589 Com_sprintf
0     65b8 va
0     65e3 Q_strkey^7
0     6616 Info_ValueForKey
0     66fe Info_RemoveKey^7
0     679c Info_Validate
0     67c9 Info_ValidateKeyValue
0     67fe Info_SetValueForKey
0     689f BotResetNodeSwitches
0     68a5 BotDumpNodeSwitches
0     68e8 BotRecordNodeSwitch
0     691f BotGetAirGoal
0     69dc BotGoForAir
0     6a59 BotNearbyGoal
0     6adf BotReachedGoal
0     6bec BotGetItemLongTermGoal
0     6c83 BotGetLongTermGoal
0     80e7 BotLongTermGoal
0     836f AIEnter_Intermission
0     83ab AINode_Intermission
0     83ee AIEnter_Observer
0     840a AINode_Observer
0     8422 AIEnter_Stand
0     8441 AINode_Stand
0     84ea AIEnter_Respawn
0     856e AINode_Respawn
0     85f1 BotSelectActivateWeapon
0     86e8 BotClearPath
0     893c AIEnter_Seek_ActivateEntity
0     8952 AINode_Seek_ActivateEntity
0     8d98 AIEnter_Seek_NBG
0     8dd7 AINode_Seek_NBG
0     905d AIEnter_Seek_LTG
0     909c AINode_Seek_LTG
0     942b AIEnter_Battle_Fight
0     9458 AIEnter_Battle_SuicidalFight
0     9485 AINode_Battle_Fight
0     97cc AIEnter_Battle_Chase
0     97e9 AINode_Battle_Chase
0     9aaf AIEnter_Battle_Retreat
0     9ac5 AINode_Battle_Retreat
0     9e21 AIEnter_Battle_NBG
0     9e37 AINode_Battle_NBG
0     a0e4 BotSetUserInfo^9
0     a113 BotCTFCarryingFlag
0     a136 BotTeam
0     a18e BotOppositeTeam
0     a1b0 BotEnemyFlag
0     a1c4 BotTeamFlag
0     a1d8 EntityIsDead
0     a202 EntityCarriesFlag
0     a22e EntityIsInvisible
0     a24f EntityIsShooting
0     a261 EntityIsChatting
0     a273 EntityCarriesCubes
0     a293 Bot1FCTFCarryingFlag
0     a2ab BotHarvesterCarryingCubes
0     a2ce BotRememberLastOrderedTask
0     a317 BotSetTeamStatus
0     a3b6 BotSetLastOrderedTask
0     a4be BotRefuseOrder
0     a502 BotCTFSeekGoals
0     aab6 BotCTFRetreatGoals
0     ab00 Bot1FCTFSeekGoals
0     af55 Bot1FCTFRetreatGoals
0     afaf BotObeliskSeekGoals
0     b17e BotGoHarvest
0     b1c1 BotObeliskRetreatGoals
0     b1c4 BotHarvesterSeekGoals
0     b450 BotHarvesterRetreatGoals
0     b49a BotTeamGoals
0     b505 BotPointAreaNum
0     b544 ClientName
0     b58b ClientFromName
0     b5cc ClientOnSameTeamFromName
0     b61d stristr
0     b67a EasyClientName
0     b7de BotSynonymContext
0     b84a BotChooseWeapon
0     b8b4 BotSetupForMovement
0     b965 BotCheckItemPickup
0     baf8 BotUpdateInventory
0     bf3a BotUpdateBattleInventory
0     bf80 BotUseKamikaze
0     c235 BotUseInvulnerability
0     c4c4 BotBattleUseItems
0     c522 BotSetTeleportTime
0     c54d BotIsDead
0     c562 BotIsObserver
0     c598 BotIntermission
0     c5c0 BotInLavaOrSlime
0     c5da BotCreateWayPoint
0     c638 BotFindWayPoint
0     c663 BotFreeWaypoints
0     c682 BotInitWaypoints
0     c6a6 TeamPlayIsOn
0     c6b8 BotAggression
0     c79c BotFeelingBad
0     c7cd BotWantsToRetreat
0     c87b BotWantsToChase
0     c928 BotCanAndWantsToRocketJump
0     c98f BotHasPersistantPowerupAndWeapon
0     ca85 BotGoCamp
0     caff BotWantsToCamp
0     cc41 BotDontAvoid
0     cc75 BotGoForPowerups
0     cca6 BotRoamGoal
0     ce34 BotAttackMove
0     d120 BotSameTeam
0     d152 InFieldOfVision
0     d1d9 BotEntityVisible
0     d420 BotFindEnemy
0     d72f BotTeamFlagCarrierVisible
0     d7a4 BotTeamFlagCarrier
0     d7f2 BotEnemyFlagCarrierVisible
0     d867 BotVisibleTeamMatesAndEnemies
0     d93b BotTeamCubeCarrierVisible
0     d9b0 BotEnemyCubeCarrierVisible
0     da25 BotAimAtEnemy
0     e22b BotCheckAttack
0     e4d8 BotMapScripts
0     e69d BotSetMovedir
0     e6d3 BotModelMinsMaxs
0     e7b7 BotFuncButtonActivateGoal
0     ecb8 BotFuncDoorActivateGoal
0     ed74 BotTriggerMultipleActivateGoal
0     eea5 BotPopFromActivateGoalStack
0     eee2 BotPushOntoActivateGoalStack
0     ef76 BotClearActivateGoalStack
0     ef88 BotEnableActivateGoalAreas
0     efd8 BotIsGoingToActivateEntity
0     f046 BotGetActivateGoal
0     f4ce BotGoForActivateGoal
0     f521 BotRandomMove
0     f55b BotAIBlocked
0     f6f2 BotAIPredictObstacles
0     f7e6 BotCheckConsoleMessages
0     f9df BotCheckForGrenades
0     fa08 BotCheckForProxMines
0     faa5 BotCheckForKamikazeBody
0     fac6 BotCheckEvents
0     fdca BotCheckSnapshot
0     fe45 BotCheckAir
0     fe67 BotAlternateRoute
0     feca BotGetAlternateRouteGoal
0     ff69 BotSetupAlternativeRouteGoals
0    10089 BotDeathmatchAI
0    10298 BotSetEntityNumForGoal
0    1030c BotSetupDeathmatchAI
0    104c8 BotValidTeamLeader
0    104ef BotNumTeamMates
0    10552 BotClientTravelTimeToGoal
0    10583 BotSortTeamMatesByBaseTravelTime
0    1069a BotSetTeamMateTaskPreference
0    106bc BotGetTeamMateTaskPreference
0    106f3 BotSortTeamMatesByTaskPreference
0    107d5 BotSayTeamOrderAlways
0    10824 BotSayTeamOrder
0    10834 BotVoiceChat
0    1086a BotVoiceChatOnly
0    108a0 BotSayVoiceTeamOrder
0    108af BotCTFOrders_BothFlagsNotAtBase
0    10b78 BotCTFOrders_FlagNotAtBase
0    10ef0 BotCTFOrders_EnemyFlagNotAtBase
0    11161 BotCTFOrders_BothFlagsAtBase
0    114dc BotCTFOrders
0    11544 BotCreateGroup
0    115a6 BotTeamOrders
0    1167e Bot1FCTFOrders_FlagAtCenter
0    119f0 Bot1FCTFOrders_TeamHasFlag
0    11ee1 Bot1FCTFOrders_EnemyHasFlag
0    12253 Bot1FCTFOrders_EnemyDroppedFlag
0    125c5 Bot1FCTFOrders
0    125fd BotObeliskOrders
0    1296f BotHarvesterOrders
0    12cea FindHumanTeamLeader
0    12d4e BotTeamAI
0    13091 BotAI_Print
0    130eb BotAI_Trace
0    13160 BotAI_GetClientState
0    13191 BotAI_GetEntityState
0    131dc BotAI_GetSnapshotEntity
0    1320d BotAI_BotInitialChat
0    1328f BotTestAAS
0    13306 BotSetInfoConfigString
0    134c3 BotUpdateInfoConfigStrings
0    1351c BotInterbreedBots
0    135f9 BotWriteInterbreeded
0    1366d BotInterbreedEndMatch
0    136a7 BotInterbreeding
0    13747 BotEntityInfo
0    13753 NumBots
0    13759 BotTeamLeader
0    1378f AngleDifference
0    137b7 BotChangeViewAngle
0    13823 BotChangeViewAngles
0    13a46 BotInputToUserCommand
0    13d4e BotUpdateInput
0    13e0d BotAIRegularUpdate
0    13e1e RemoveColorEscapeSequences
0    13e8d BotAI
0    1410d BotScheduleBotThink
0    14152 BotWriteSessionData
0    141e2 BotReadSessionData
0    1425f BotAISetupClient
0    144a8 BotAIShutdownClient
0    14547 BotResetState
0    14660 BotAILoadMap
0    146c8 BotAIStartFrame
0    14a6a BotInitLibrary
0    14bfe BotAISetup
0    14ca8 BotAIShutdown
0    14cef BotNumActivePlayers
0    14d44 BotIsFirstInRankings
0    14da7 BotIsLastInRankings
0    14e0a BotFirstClientInRankings
0    14e7a BotLastClientInRankings
0    14eea BotRandomOpponentName
0    14fad BotMapTitle^12
0    14fb2 BotWeaponNameForMeansOfDeath
0    15007 BotRandomWeaponName
0    1505a BotVisibleEnemies
0    150e7 BotValidChatPosition
0    151af BotChat_EnterGame
0    15265 BotChat_ExitGame
0    1530c BotChat_StartLevel
0    153b3 BotChat_EndLevel
0    15508 BotChat_Death
0    157c5 BotChat_Kill
0    15951 BotChat_EnemySuicide
0    15a0a BotChat_HitTalking
0    15af6 BotChat_HitNoDeath
0    15bff BotChat_HitNoKill
0    15cdc BotChat_Random
0    15e72 BotChatTime
0    15e77 BotChatTest
0    1669f BotGetItemTeamGoal
0    166de BotGetMessageTeamGoal
0    1671b BotGetTime
0    1679a FindClientByName
0    167f7 FindEnemyByName
0    16874 NumPlayersOnSameTeam
0    168b4 BotGetPatrolWaypoints
0    169e2 BotAddressedToBot
0    16afb BotMatch_HelpAccompany
0    16d34 BotMatch_DefendKeyArea
0    16dea BotMatch_GetItem
0    16e82 BotMatch_Camp
0    1704f BotMatch_Patrol
0    170eb BotMatch_GetFlag
0    1718c BotMatch_AttackEnemyBase
0    17228 BotMatch_Harvest
0    172ad BotMatch_RushBase
0    1733e BotMatch_TaskPreference
0    17406 BotMatch_ReturnFlag
0    17481 BotMatch_JoinSubteam
0    174e6 BotMatch_LeaveSubteam
0    17551 BotMatch_WhichTeam
0    175af BotMatch_CheckPoint
0    17701 BotMatch_FormationSpace
0    1775f BotMatch_Dismiss
0    177c3 BotMatch_Suicide
0    17817 BotMatch_StartTeamLeaderShip
0    1786e BotMatch_StopTeamLeaderShip
0    178df BotMatch_WhoIsTeamLeader
0    17913 BotMatch_WhatAreYouDoing
0    17a46 BotMatch_WhatIsMyCommand
0    17a6d BotNearestVisibleItem
0    17b05 BotMatch_WhereAreYou
0    17ce3 BotMatch_LeadTheWay
0    17e41 BotMatch_Kill
0    17ede BotMatch_CTF
0    17fdf BotMatch_EnterGame
0    18004 BotMatch_NewLeader
0    18039 BotMatchMessage
0    181b1 P_DamageFeedback
0    18270 P_WorldEffects
0    183a4 G_SetClientSound
0    183eb ClientImpacts
0    1848b G_TouchTriggers
0    18666 SpectatorThink
0    186f5 ClientInactivityTimer
0    18790 ClientTimerActions
0    189f5 ClientIntermissionThink
0    18a4f ClientEvents
0    18c75 StuckInOtherClient^14
0    18d04 SendPendingPredictableEvents
0    18dab ClientThink_real
0    1919b ClientThink
0    191c7 G_RunClient
0    191e9 SpectatorClientEndFrame
0    192b9 ClientEndFrame
0    19530 UpdateTournamentInfo
0    1971b CelebrateStop^15
0    19742 Svcmd_AbortPodium_f
0    1975c trap_Cvar_VariableValue
0    19772 G_ParseInfos
0    19860 G_LoadArenasFromFile^16
0    198e0 G_LoadArenas^16
0    19985 G_GetArenaInfoByMap
0    199c0 PlayerIntroSound^16
0    19a11 G_AddRandomBot
0    19b98 G_RemoveRandomBot
0    19c01 G_CountHumanPlayers^16
0    19c51 G_CountBotPlayers^16
0    19ccb G_CheckMinimumPlayers
0    19e08 G_CheckBotSpawn
0    19e66 AddBotToSpawnQueue^16
0    19ea1 G_RemoveQueuedBotBegin
0    19ec5 G_BotConnect
0    19f27 G_AddBot^16
0    1a176 Svcmd_AddBot_f
0    1a21d Svcmd_BotList_f
0    1a2d9 G_SpawnBots^16
0    1a385 G_LoadBotsFromFile^16
0    1a405 G_LoadBots^16
0    1a491 G_GetBotInfoByName
0    1a4d0 G_InitBots
0    1a5a1 SP_info_player_deathmatch
0    1a5da SP_info_player_start
0    1a5e9 SP_info_player_intermission
0    1a5ec SpotWouldTelefrag
0    1a66d SelectRandomFurthestSpawnPoint^17
0    1a810 SelectSpawnPoint
0    1a826 SelectInitialSpawnPoint
0    1a89e SelectSpectatorSpawnPoint
0    1a8af InitBodyQue
0    1a8df BodySink
0    1a911 CopyToBodyQue
0    1aad1 SetClientViewAngle
0    1ab1e respawn
0    1ab73 TeamCount
0    1abb4 TeamConnectedCount
0    1abf5 TeamLeader
0    1ac36 PickTeam
0    1ac70 ClientUserinfoChanged
0    1aeef ClientConnect
0    1b0bb ClientBegin
0    1b1b8 ClientBackupStats
0    1b282 ClientRestoreStats
0    1b3d1 ClientSpawn
0    1b846 ClientDisconnect
0    1b98a DeathmatchScoreboardMessage
0    1bac2 Cmd_Score_f
0    1bacb CheatsOk
0    1bafb ConcatArgs
0    1bb66 SanitizeString
0    1bbab ClientNumberFromString
0    1bc73 Cmd_Give_f
0    1befc Cmd_Loaded_f
0    1bf7a Cmd_God_f
0    1bfbf Cmd_Notarget_f
0    1c004 Cmd_Noclip_f
0    1c05c Cmd_LevelShot_f
0    1c0a5 Cmd_TeamTask_f
0    1c0fc Cmd_Kill_f
0    1c14e BroadcastTeamChange
0    1c1d0 AllowTeamSwitch^18
0    1c221 SetTeam
0    1c504 StopFollowing
0    1c57b Cmd_Team_f^18
0    1c632 Cmd_Follow_f^18
0    1c6ce Cmd_FollowCycle_f
0    1c774 G_SayTo^18
0    1c7fd G_Say^18
0    1c963 Cmd_Say_f^18
0    1c99c Cmd_Tell_f^18
0    1ca2f G_VoiceTo^18
0    1caa5 G_Voice
0    1cb09 Cmd_Voice_f^18
0    1cb45 Cmd_VoiceTell_f^18
0    1cbe2 Cmd_VoiceTaunt_f^18
0    1cd8f Cmd_GameCommand_f
0    1cdf2 Cmd_Where_f
0    1ce14 ValidVoteCommand^18
0    1cf9b Cmd_CallVote_f
0    1d194 Cmd_Vote_f^18
0    1d25c G_RevertVote
0    1d37e Cmd_CallTeamVote_f^18
0    1d6eb Cmd_TeamVote_f^18
0    1d7eb Cmd_SetViewpos_f^18
0    1d864 Cmd_Stats_f^18
0    1d867 ClientCommand
0    1db69 ScorePlum
0    1db9e AddScore
0    1dbe7 TossClientItems
0    1dcd9 TossClientCubes
0    1dd98 TossClientPersistantPowerups
0    1ddf4 LookAtKiller
0    1de98 GibEntity
0    1df06 body_die
0    1df26 Kamikaze_DeathActivate
0    1df35 Kamikaze_DeathTimer
0    1df73 CheckAlmostCapture
0    1e056 CheckAlmostScored
0    1e0f3 G_GenericDeathCleanup
0    1e152 player_die
0    1e5c2 CheckArmor
0    1e61f RaySphereIntersections
0    1e79b G_InvulnerabilityEffect
0    1e855 G_Damage
0    1ecd6 CanDamage
0    1ee9e G_RadiusDamage
0    1f013 SpawnTime
0    1f10f Pickup_Powerup
0    1f258 Pickup_PersistantPowerup
0    1f42c Pickup_Holdable
0    1f467 Add_Ammo^20
0    1f4cb Pickup_Ammo^20
0    1f506 Pickup_Weapon^20
0    1f5d3 Pickup_Health^20
0    1f681 Pickup_Armor
0    1f6ef RespawnItem
0    1f840 Touch_Item
0    1fab0 LaunchItem
0    1fb87 Drop_Item
0    1fbde Use_Item
0    1fbe7 FinishSpawningItem
0    1fd24 Registered
0    1fd47 G_CheckTeamItems
0    1fe98 ClearRegisteredItems
0    1feed RegisterItem
0    1ff05 SaveRegisteredItems
0    1ff4d G_ItemDisabled
0    1ff66 G_SpawnItem
0    1ffe3 G_BounceItem
0    2014b G_RunItem
0    2021c G_Alloc
0    20267 G_InitMemory
0    2026d Svcmd_GameMem_f
0    2027a SP_info_camp
0    2028c SP_info_null
0    20295 SP_info_notnull
0    202a7 SP_light
0    202b0 TeleportPlayer
0    20440 SP_misc_teleporter_dest
0    20443 SP_misc_model
0    2044c locateCamera
0    20517 SP_misc_portal_surface
0    20575 SP_misc_portal_camera
0    205b5 Use_Shooter
0    206d9 InitShooter_Finish^22
0    206fd InitShooter
0    2076b SP_shooter_rocket
0    20776 SP_shooter_plasma
0    20781 SP_shooter_grenade
0    2078c PortalDie^22
0    20795 DropPortalDestination
0    2085b PortalTouch^22
0    20962 PortalEnable^22
0    2097a DropPortalSource
0    20a41 G_BounceMissile
0    20b82 G_ExplodeMissile
0    20c28 ProximityMine_Explode^23
0    20c47 ProximityMine_Die^23
0    20c59 ProximityMine_Trigger
0    20cf7 ProximityMine_Activate^23
0    20d97 ProximityMine_ExplodeOnPlayer^23
0    20e1d ProximityMine_Player^23
0    20eed G_MissileImpact
0    21308 G_RunMissile
0    2144a fire_plasma
0    2155a fire_grenade
0    21663 fire_bfg
0    2178a fire_rocket
0    218b7 fire_grapple
0    219dc fire_nail
0    21bac fire_prox
0    21cc7 G_TestEntityPosition
0    21d43 G_CreateRotationMatrix
0    21d65 G_TransposeMatrix
0    21d9c G_RotatePoint
0    21e08 G_TryPushingEntity
0    220c7 G_CheckProxMinePosition
0    22155 G_TryPushingProxMine
0    22293 G_MoverPush
0    22631 G_MoverTeam
0    22764 G_RunMover
0    22790 SetMoverState
0    228cf MatchTeam
0    228ef ReturnToPos1
0    22924 Reached_BinaryMover
0    229ea Use_BinaryMover
0    22b1a InitMover
0    22ca5 Blocked_Door
0    22d1e Touch_DoorTriggerSpectator^24
0    22db3 Touch_DoorTrigger
0    22e0e Think_SpawnNewDoorTrigger
0    22f06 Think_MatchTeam
0    22f1c SP_func_door
0    2310f Touch_Plat
0    23139 Touch_PlatCenterTrigger
0    23162 SpawnPlatTrigger
0    23250 SP_func_plat
0    2334d Touch_Button
0    23370 SP_func_button
0    234ae Think_BeginMoving
0    234be Reached_Train
0    23599 Think_SetupTrainTargets
0    23650 SP_path_corner
0    23671 SP_func_train
0    236fc SP_func_static
0    2372f SP_func_rotating
0    237d5 SP_func_bobbing
0    23887 SP_func_pendulum
0    23940 G_MapExist
0    2398a G_LoadMap
0    23a38 ParseMapRotation
0    23c00 G_WriteClientSessionData
0    23c56 G_ReadClientSessionData
0    23cbc G_ClearClientSessionData
0    23cd9 G_InitSessionData
0    23dc5 G_InitWorldSession
0    23ddb G_WriteSessionData
0    23e16 G_SpawnString
0    23e5a G_SpawnFloat
0    23e7c G_SpawnInt
0    23e9e G_SpawnVector
0    23ecd SP_item_botroam
0    23ed0 G_CallSpawn
0    23f5e G_NewString
0    23fe2 G_ParseField
0    240c0 G_SpawnGEntityFromSpawnVars
0    241ad G_AddSpawnVarToken
0    241ee G_ParseSpawnVars
0    2427e SP_worldspawn
0    24347 ReadEntityToken^27
0    24370 G_ParseSpawnVarsFromFile^27
0    2440c G_RemoveDuplicateItems^27
0    244bf G_SpawnEntitiesFromFile^27
0    2453a G_SpawnEntitiesFromString
0    2456a StringToFilter^28
0    2462d UpdateIPBans^28
0    246da G_FilterPacket
0    24783 AddIP^28
0    247d9 G_ProcessIPBans
0    2482f Svcmd_AddIP_f
0    2484f Svcmd_RemoveIP_f
0    248b5 Svcmd_EntityList_f
0    2496f ClientForString
0    24a06 Svcmd_ForceTeam_f
0    24a4b Svcmd_Rotate_f
0    24aa2 ConsoleCommand
0    24bb8 Use_Target_Give
0    24c18 SP_target_give
0    24c21 Use_target_remove_powerups
0    24c6d SP_target_remove_powerups
0    24c76 Think_Target_Delay
0    24c89 Use_Target_Delay
0    24cc4 SP_target_delay
0    24cf7 Use_Target_Score
0    24d15 SP_target_score
0    24d2b Use_Target_Print
0    24dba SP_target_print
0    24dc3 Use_Target_Speaker
0    24e3a SP_target_speaker
0    24f3f target_laser_think
0    2508c target_laser_on
0    250a7 target_laser_off
0    250b6 target_laser_use
0    250d5 target_laser_start
0    25166 SP_target_laser
0    25178 target_teleporter_use
0    251b5 SP_target_teleporter
0    251dc target_relay_use
0    2526c SP_target_relay
0    25275 target_kill_use
0    25292 SP_target_kill
0    2529b SP_target_position
0    252ad target_location_linkup^29
0    25320 SP_target_location
0    25341 Team_InitGame
0    2537b OtherTeam
0    25391 TeamName
0    253ae PrintMsg
0    25404 AddTeamScore
0    254ef OnSameTeam
0    25523 Team_SetFlagStatus^30
0    2558f Team_CheckDroppedItem
0    255c9 Team_ForceGesture^30
0    25611 Team_FragBonuses
0    25b6a Team_CheckHurtCarrier
0    25be8 Team_ResetFlag^30
0    25c52 Team_ResetFlags
0    25c6e Team_ReturnFlagSound^30
0    25cab Team_TakeFlagSound^30
0    25d1a Team_CaptureFlagSound^30
0    25d57 Team_ReturnFlag
0    25d88 Team_FreeEntity
0    25dbc Team_DroppedFlagThink
0    25dfd Team_TouchOurFlag^30
0    260f7 Team_TouchEnemyFlag^30
0    26183 Pickup_Team
0    26275 Team_GetLocation
0    262f3 Team_GetLocationMsg
0    2635a SelectRandomTeamSpawnPoint
0    2640d SelectCTFSpawnPoint
0    26458 SortClients^30
0    26463 TeamplayInfoMessage
0    26596 CheckTeamStatus
0    2664f SP_team_CTF_redplayer
0    26652 SP_team_CTF_blueplayer
0    26655 SP_team_CTF_redspawn
0    26658 SP_team_CTF_bluespawn
0    2665b ObeliskRegen^30
0    266bb ObeliskRespawn^30
0    266e6 ObeliskDie^30
0    26796 ObeliskTouch^30
0    26876 ObeliskPain^30
0    268c7 SpawnObelisk
0    26a0b SP_team_redobelisk
0    26a80 SP_team_blueobelisk
0    26af5 SP_team_neutralobelisk
0    26b3d CheckObeliskAttack
0    26bc0 InitTrigger
0    26bff multi_wait
0    26c08 multi_trigger
0    26cab Use_Multi
0    26cb7 Touch_Multi
0    26ccc SP_trigger_multiple
0    26d2a trigger_always_think
0    26d40 SP_trigger_always
0    26d52 trigger_push_touch
0    26d6a AimAtTarget
0    26e70 SP_trigger_push
0    26ead Use_target_push
0    26efc SP_target_push
0    26fb4 trigger_teleporter_touch
0    2700a SP_trigger_teleport
0    27051 hurt_use
0    27069 hurt_touch
0    270e3 SP_trigger_hurt
0    27130 func_timer_think
0    2716e func_timer_use
0    2718d SP_func_timer
0    27207 G_ResetHistory
0    27277 G_StoreHistory
0    272df TimeShiftLerp^32
0    27330 G_TimeShiftClient
0    27478 G_TimeShiftAllClients
0    274ca G_DoTimeShiftFor
0    27510 G_UnTimeShiftClient
0    2755d G_UnTimeShiftAllClients
0    275af G_UndoTimeShiftFor
0    275d5 G_PredictPlayerClipVelocity^32
0    27649 G_PredictPlayerSlideMove
0    2791c G_PredictPlayerStepSlideMove
0    279d9 G_PredictPlayerMove
0    279e5 AddRemap
0    27a54 BuildShaderStateConfig
0    27a9a G_FindConfigstringIndex
0    27b06 G_ModelIndex
0    27b19 G_SoundIndex
0    27b2c G_TeamCommand
0    27b61 G_Find
0    27bb4 G_PickTarget
0    27c1c G_UseTargets
0    27cb6 vtos
0    27cf2 G_SetMovedir
0    27d38 vectoyaw
0    27d8b G_InitGentity
0    27db3 G_Spawn
0    27e5a G_EntitiesFree
0    27e85 G_FreeEntity
0    27eb4 G_TempEntity
0    27f02 G_KillBox
0    27fc5 G_AddPredictableEvent
0    27fe2 G_AddEvent
0    28056 G_Sound
0    2806f G_SetOrigin
0    280a4 CalcMuzzlePointOrigin
0    280f7 G_BounceProjectile
0    281a0 Weapon_Gauntlet
0    281a3 CheckGauntletAttack
0    282d2 SnapVectorTowards
0    28370 Bullet_Fire^34
0    2853c BFG_Fire
0    28570 ShotgunPellet^34
0    2863d ShotgunPattern^34
0    28721 weapon_supershotgun_fire^34
0    28797 weapon_grenadelauncher_fire
0    287db Weapon_RocketLauncher_Fire
0    2880f Weapon_Plasmagun_Fire
0    28843 weapon_railgun_fire
0    28b2c G_RailgunRadiusDamage
0    28c25 Weapon_GrapplingHook_Fire
0    28c92 Hook_Fire
0    28cf9 Weapon_HookFree
0    28d3b Weapon_HookThink
0    28dfe Weapon_LightningFire
0    28f87 Weapon_Nailgun_Fire
0    28fcc weapon_proxlauncher_fire
0    29010 LogAccuracyHit
0    2905f FireWeapon
0    291a7 KamikazeRadiusDamage^34
0    292f6 KamikazeShockWave^34
0    2946e KamikazeDamage^34
0    295f9 G_StartKamikaze
0    2970b BotVoiceChat_GetFlag
0    29786 BotVoiceChat_Offense
0    2983d BotVoiceChat_Defend
0    29902 BotVoiceChat_DefendFlag
0    29911 BotVoiceChat_Patrol
0    29955 BotVoiceChat_Camp
0    29a30 BotVoiceChat_FollowMe
0    29b18 BotVoiceChat_FollowFlagCarrier
0    29b36 BotVoiceChat_ReturnFlag
0    29b8b BotVoiceChat_StartLeader
0    29b9b BotVoiceChat_StopLeader
0    29bc7 BotVoiceChat_WhoIsLeader
0    29c11 BotVoiceChat_WantOnDefense
0    29c74 BotVoiceChat_WantOnOffense
0    29cd7 BotVoiceChat_Dummy
0    29cda BotVoiceChatCommand
1        4 gameCvarTable^0
1      e18 bg_itemlist
1     1978 bg_numItems
1     1a5c randSeed^3
1     1a60 pm_stopspeed
1     1a64 pm_duckScale
1     1a68 pm_swimScale
1     1a6c pm_accelerate
1     1a70 pm_airaccelerate
1     1a74 pm_wateraccelerate
1     1a78 pm_flyaccelerate
1     1a7c pm_friction
1     1a80 pm_waterfriction
1     1a84 pm_flightfriction
1     1a88 pm_spectatorfriction
1     1a8c c_pmove
1     1a90 pm_respawntimer^4
1     1ac8 vec3_origin
1     1ad4 bytedirs
1     2338 VEC_UP^9
1     2344 MOVEDIR_UP^9
1     2350 VEC_DOWN^9
1     235c MOVEDIR_DOWN^9
1     27e0 playerMins
1     27ec playerMaxs
1     2820 gc_orders^18
1     283c voteCommands^18
1     286c modNames
1     293c fields
1     2a38 spawns
1     2c54 remapCount
1     2cbc voiceCommands
2     2431 locase
2     6939 ctfFlagStatusRemap^30
2     693e oneFlagStatusRemap^30
2   1e3d3c _stackStart
2   1f3d3c _stackEnd
3      f00 trap_GetValue
3      f04 g_clients
3    1aa04 svf_self_portal2
3    1aa08 g_rotation
3    1ab18 g_loadCustomEnts
3    1ac28 g_1FRespawn
3    1ad38 g_wpflags
3    1ae48 g_removeweapon
3    1af58 g_removepowerup
3    1b068 g_removeitem
3    1b178 g_removeammo
3    1b288 g_startingWeapon
3    1b398 g_tossWeapon
3    1b4a8 g_damageCG
3    1b5b8 g_splashRadiusPL
3    1b6c8 g_damagePL
3    1b7d8 g_damageNG
3    1b8e8 g_startAmmoCG
3    1b9f8 g_startAmmoPL
3    1bb08 g_startAmmoNG
3    1bc18 g_splashRadiusBFG
3    1bd28 g_splashDamageBFG
3    1be38 g_damageBFG
3    1bf48 g_splashRadiusPG
3    1c058 g_splashDamagePG
3    1c168 g_damagePG
3    1c278 g_damageRG
3    1c388 g_damageLG
3    1c498 g_velocityRL
3    1c5a8 g_splashRadiusRL
3    1c6b8 g_splashDamageRL
3    1c7c8 g_damageRL
3    1c8d8 g_splashRadiusGL
3    1c9e8 g_splashDamageGL
3    1caf8 g_damageGL
3    1cc08 g_sgPelletSpread
3    1cd18 g_sgPellets
3    1ce28 g_damageSG
3    1cf38 g_damageTeamMG
3    1d048 g_damageMG
3    1d158 g_damageG
3    1d268 g_startAmmoBFG
3    1d378 g_startAmmoPG
3    1d488 g_startAmmoRG
3    1d598 g_startAmmoLG
3    1d6a8 g_startAmmoRL
3    1d7b8 g_startAmmoGL
3    1d8c8 g_startAmmoSG
3    1d9d8 g_startAmmoMG
3    1dae8 g_grappleDamage
3    1dbf8 g_grapplePull
3    1dd08 g_grappleSpeed
3    1de18 g_grappleHoldTime
3    1df28 g_grappleDelayTime
3    1e038 g_grapple
3    1e148 g_startHealth
3    1e258 g_startArmor
3    1e368 g_noSelfDamage
3    1e478 g_railJumpDamage
3    1e588 g_railJump
3    1e698 g_instagib
3    1e7a8 pmove_msec
3    1e8b8 pmove_fixed
3    1e9c8 g_smoothClients
3    1ead8 g_proxMineTimeout
3    1ebe8 g_enableBreath
3    1ecf8 g_enableDust
3    1ee08 g_singlePlayer
3    1ef18 g_blueteam
3    1f028 g_redteam
3    1f138 g_cubeTimeout
3    1f248 g_obeliskRespawnDelay
3    1f358 g_obeliskRegenAmount
3    1f468 g_obeliskRegenPeriod
3    1f578 g_obeliskHealth
3    1f688 g_predictPVS
3    1f798 g_unlagged
3    1f8a8 g_listEntity
3    1f9b8 g_allowVote
3    1fac8 g_podiumDrop
3    1fbd8 g_podiumDist
3    1fce8 g_blood
3    1fdf8 g_motd
3    1ff08 g_debugAlloc
3    20018 g_debugDamage
3    20128 g_debugMove
3    20238 g_inactivity
3    20348 g_forcerespawn
3    20458 g_holdableTeamRespawn
3    20568 g_holdableRespawn
3    20678 g_powerupTeamRespawn
3    20788 g_powerupRespawn
3    20898 g_megahealthTeamRespawn
3    209a8 g_megahealthRespawn
3    20ab8 g_healthTeamRespawn
3    20bc8 g_healthRespawn
3    20cd8 g_armorTeamRespawn
3    20de8 g_armorRespawn
3    20ef8 g_ammoTeamRespawn
3    21008 g_ammoRespawn
3    21118 g_weaponTeamRespawn
3    21228 g_weaponRespawn
3    21338 g_quadfactor
3    21448 g_knockback
3    21558 g_gravity
3    21668 g_speed
3    21778 g_dedicated
3    21888 g_needpass
3    21998 g_filterBan
3    21aa8 g_banIPs
3    21bb8 g_password
3    21cc8 g_logSync
3    21dd8 g_log
3    21ee8 g_warmup
3    21ff8 g_teamForceBalance
3    22108 g_autoJoin
3    22218 g_friendlyFire
3    22328 g_synchronousClients
3    22438 g_capturelimit
3    22548 g_timelimit
3    22658 g_fraglimit
3    22768 g_dmflags
3    22878 g_maxGameClients
3    22988 g_maxclients
3    22a98 g_gametype
3    22ba8 sv_fps
3    22cb8 g_mapname
3    22dc8 g_cheats
3    22ed8 g_entities
3    f0ed8 level
3    f3cf8 pml
3    f3d84 pm
3   1087a0 is_separator^7
3   108ba0 com_tokenline^7
3   108ba4 com_lines^7
3   108ba8 com_parsename^7
3   108fa8 com_token^7
3   1093a8 nodeswitch
3   10b058 numnodeswitches
3   10b05c blue_numaltroutegoals
3   10b060 blue_altroutegoals
3   10b360 red_numaltroutegoals
3   10b364 red_altroutegoals
3   10b664 altroutegoals_setup
3   10b668 max_bspmodelindex
3   10b66c lastteleport_time
3   10b670 lastteleport_origin
3   10b67c g_spSkill
3   10b78c bot_predictobstacles
3   10b89c botai_freewaypoints
3   10b8a0 botai_waypoints
3   10eaa0 neutralobelisk
3   10ead8 blueobelisk
3   10eb10 redobelisk
3   10eb48 ctf_neutralflag
3   10eb80 ctf_blueflag
3   10ebb8 ctf_redflag
3   10ebf0 bot_challenge
3   10ed00 bot_testrchat
3   10ee10 bot_nochat
3   10ef20 bot_fastchat
3   10f030 bot_rocketjump
3   10f140 bot_grapple
3   10f250 gametype
3   10f254 ctftaskpreferences
3   110c64 bot_interbreedwrite
3   110d74 bot_interbreedcycle
3   110e84 bot_interbreedbots
3   110f94 bot_interbreedchar
3   1110a4 bot_developer
3   1111b4 bot_testclusters
3   1112c4 bot_testsolid
3   1113d4 bot_report
3   1114e4 bot_pause
3   1115f4 bot_saveroutingcache
3   111704 bot_memorydump
3   111814 bot_thinktime
3   111924 bot_interbreedmatchcount
3   111928 bot_interbreed
3   11192c regularupdate_time
3   111930 numbots
3   111934 botstates
3   111a34 mapname
3   111a74 floattime
3   111ad8 notleader
3   111f10 podium3
3   111f14 podium2
3   111f18 podium1
3   111f20 bot_minplayers
3   112030 botSpawnQueue^16
3   1120b0 g_arenaInfos^16
3   1130b0 g_numArenas
3   1130b4 g_botInfos^16
3   1140b4 g_numBots^16
3   1140b8 ban_reason^17
3   1145bc itemRegistered
3   1149bc allocPoint^21
3   1149c0 memoryPool^21
3   1d49c0 pushed_p
3   1d49c4 pushed
3   1dc9c4 entityParsePoint^27
3   1dc9c8 entityString^27
3   1dc9cc numIPFilters^28
3   1dc9d0 ipFilters^28
3   1de9d0 neutralObelisk
3   1de9d4 teamgame
3   1dfafc remappedShaders
3   1e3cfc muzzle_origin^34
3   1e3d08 muzzle^34
3   1e3d14 up^34
3   1e3d20 right^34
3   1e3d2c forward^34
3   1e3d38 s_quadFactor^34
