0 ffffff90 acos
0 ffffff93 ceil
0 ffffff94 floor
0 ffffff95 sqrt
0 ffffff96 atan2
0 ffffff97 cos
0 ffffff98 sin
0 ffffff99 strncpy
0 ffffff9a memcpy
0 ffffff9b memset
0 ffffffae trap_S_StopLoopingSound
0 ffffffaf trap_S_AddRealLoopingSound
0 ffffffb0 trap_R_RemapShader
0 ffffffb1 trap_CIN_SetExtents
0 ffffffb2 trap_CIN_DrawCinematic
0 ffffffb3 trap_CIN_RunCinematic
0 ffffffb4 trap_CIN_StopCinematic
0 ffffffb5 trap_CIN_PlayCinematic
0 ffffffb8 trap_SnapVector
0 ffffffba trap_S_StopBackgroundTrack
0 ffffffbb trap_PC_SourceFileAndLine
0 ffffffbc trap_PC_ReadToken
0 ffffffbd trap_PC_FreeSource
0 ffffffbe trap_PC_LoadSource
0 ffffffc1 trap_Key_SetCatcher
0 ffffffc4 trap_R_RegisterFont
0 ffffffc5 trap_MemoryRemaining
0 ffffffc6 trap_R_RegisterShaderNoMip
0 ffffffc7 trap_SetUserCmdValue
0 ffffffc8 trap_GetUserCmd
0 ffffffc9 trap_GetCurrentCmdNumber
0 ffffffca trap_GetServerCommand
0 ffffffcb trap_GetSnapshot
0 ffffffcc trap_GetCurrentSnapshotNumber
0 ffffffcd trap_GetGameState
0 ffffffce trap_GetGlconfig
0 ffffffcf trap_R_LerpTag
0 ffffffd0 trap_R_ModelBounds
0 ffffffd1 trap_R_DrawStretchPic
0 ffffffd2 trap_R_SetColor
0 ffffffd3 trap_R_RenderScene
0 ffffffd4 trap_R_AddLightToScene
0 ffffffd5 trap_R_AddPolyToScene
0 ffffffd6 trap_R_AddRefEntityToScene
0 ffffffd7 trap_R_ClearScene
0 ffffffd8 trap_R_RegisterShader
0 ffffffd9 trap_R_RegisterSkin
0 ffffffda trap_R_RegisterModel
0 ffffffdb trap_R_LoadWorldMap
0 ffffffdc trap_S_StartBackgroundTrack
0 ffffffdd trap_S_RegisterSound
0 ffffffde trap_S_Respatialize
0 ffffffdf trap_S_UpdateEntityPosition
0 ffffffe0 trap_S_AddLoopingSound
0 ffffffe1 trap_S_ClearLoopingSounds
0 ffffffe2 trap_S_StartLocalSound
0 ffffffe3 trap_S_StartSound
0 ffffffe4 trap_CM_MarkFragments
0 ffffffe5 trap_CM_TransformedBoxTrace
0 ffffffe6 trap_CM_BoxTrace
0 ffffffe7 trap_CM_TransformedPointContents
0 ffffffe8 trap_CM_PointContents
0 ffffffe9 trap_CM_TempBoxModel
0 ffffffeb trap_CM_InlineModel
0 ffffffec trap_CM_NumInlineModels
0 ffffffed trap_CM_LoadMap
0 ffffffee trap_UpdateScreen
0 ffffffef trap_SendClientCommand
0 fffffff0 trap_AddCommand
0 fffffff1 trap_SendConsoleCommand
0 fffffff2 trap_FS_FCloseFile
0 fffffff4 trap_FS_Read
0 fffffff5 trap_FS_FOpenFile
0 fffffff6 trap_Args
0 fffffff7 trap_Argv
0 fffffff8 trap_Argc
0 fffffff9 trap_Cvar_VariableStringBuffer
0 fffffffa trap_Cvar_Set
0 fffffffb trap_Cvar_Update
0 fffffffc trap_Cvar_Register
0 fffffffd trap_Milliseconds
0 fffffffe trap_Error
0 ffffffff trap_Print
0        0 vmMain
0       8f CG_RegisterCvars
0      100 CG_ForceModelChange
0      12b CG_UpdateCvars
0      18d CG_CrosshairPlayer
0      19e CG_LastAttacker
0      1af CG_Printf
0      1c8 CG_Error
0      1e1 Com_Error
0      1fa Com_Printf
0      213 CG_Argv
0      237 CG_RegisterItemSounds^0
0      2d4 CG_RegisterSounds^0
0      a8a CG_RegisterGraphics^0
0     1170 CG_BuildSpectatorString
0     11c2 CG_RegisterClients^0
0     1209 CG_ConfigString
0     122e CG_StartMusic
0     1262 CG_Asset_Parse
0     1509 CG_ParseMenu
0     1574 CG_Load_Menu
0     15c4 CG_LoadMenus
0     16ad CG_OwnerDrawHandleKey^0
0     16b2 CG_FeederCount^0
0     170e CG_SetScoreSelection
0     17a5 CG_InfoFromScoreIndex^0
0     17f8 CG_FeederItemText^0
0     199d CG_FeederItemImage^0
0     19a2 CG_FeederSelection^0
0     19eb CG_Cvar_Get^0
0     1a0a CG_Text_PaintWithCursor
0     1a2b CG_OwnerDrawWidth^0
0     1ab7 CG_PlayCinematic^0
0     1ad6 CG_StopCinematic^0
0     1adf CG_DrawCinematic^0
0     1afe CG_RunCinematicFrame^0
0     1b07 CG_LoadHudMenu
0     1bab CG_AssetCache
0     1c1c CG_Init
0     1e54 CG_Shutdown
0     1e57 CG_TargetCommand_f^2
0     1e89 CG_SizeUp_f^2
0     1e9f CG_SizeDown_f^2
0     1eb5 CG_Viewpos_f^2
0     1ecd CG_ScoresDown_f^2
0     1ef6 CG_ScoresUp_f^2
0     1f0d CG_LoadHud_f^2
0     1f3d CG_scrollScoresDown_f^2
0     1f66 CG_scrollScoresUp_f^2
0     1f8f CG_spWin_f^2
0     1fc4 CG_spLose_f^2
0     1ff9 CG_TellTarget_f^2
0     2024 CG_TellAttacker_f^2
0     204f CG_VoiceTellTarget_f^2
0     207a CG_VoiceTellAttacker_f^2
0     20a5 CG_NextTeamMember_f^2
0     20ab CG_PrevTeamMember_f^2
0     20b1 CG_NextOrder_f^2
0     2124 CG_ConfirmOrder_f^2
0     2154 CG_DenyOrder_f^2
0     2175 CG_TaskOffense_f^2
0     21ac CG_TaskDefense_f^2
0     21cb CG_TaskPatrol_f^2
0     21ea CG_TaskCamp_f^2
0     2209 CG_TaskFollow_f^2
0     2228 CG_TaskRetrieve_f^2
0     2247 CG_TaskEscort_f^2
0     2266 CG_TaskOwnFlag_f^2
0     2277 CG_TauntKillInsult_f^2
0     227f CG_TauntPraise_f^2
0     2287 CG_TauntTaunt_f^2
0     228f CG_TauntDeathInsult_f^2
0     2297 CG_TauntGauntlet_f^2
0     229f CG_TaskSuicide_f^2
0     22c1 CG_StartOrbit_f^2
0     2309 CG_ConsoleCommand
0     2347 CG_InitConsoleCommands
0     23f0 CG_Text_Width
0     2498 CG_Text_Height
0     2542 CG_Text_PaintChar
0     257c CG_Text_Paint
0     2710 CG_Draw3DModel
0     2784 CG_Draw3DModelColor
0     286b CG_DrawHead
0     2933 CG_DrawFlagModel
0     2a0f CG_DrawTeamBackground
0     2a52 CG_DrawAttacker^3
0     2b04 CG_DrawSpeedMeter^3
0     2b5b CG_DrawSnapshot^3
0     2b95 CG_DrawFPS^3
0     2c1c CG_DrawTimer^3
0     2c6c CG_DrawTeamOverlay^3
0     2f74 CG_DrawUpperRight^3
0     2fe9 CG_DrawReward^3
0     30e7 CG_AddLagometerFrameInfo
0     3107 CG_AddLagometerSnapshotInfo
0     314a CG_DrawDisconnect^3
0     31be CG_DrawLagometer^3
0     33e9 CG_CenterPrint
0     3427 CG_DrawCenterString^3
0     3501 CG_SetCrosshairColor^3
0     3531 CG_DrawCrosshair^3
0     35fd CG_ScanForCrosshairEntity^3
0     3667 CG_DrawCrosshairNames^3
0     36dc CG_DrawSpectator^3
0     3731 CG_DrawVote^3
0     37a1 CG_DrawTeamVote^3
0     3834 CG_DrawScoreboard^3
0     38fb CG_DrawIntermission^3
0     390a CG_DrawFollow^3
0     3954 CG_DrawAmmoWarning^3
0     3983 CG_DrawProxWarning^3
0     39f0 CG_DrawWarmup^3
0     3b6b CG_DrawTimedMenus
0     3b8c CG_Draw2D^3
0     3c5d CG_DrawTourneyScoreboard^3
0     3c60 CG_CalculatePing^3
0     3ca7 CG_WarmupEvents^3
0     3d34 CG_WarmupEvent
0     3d5f CG_ApplyClientChange^3
0     3d68 CG_TrackClientTeamChange
0     3e11 CG_DrawActive
0     3e4a CG_AdjustFrom640
0     3e87 CG_FillRect
0     3eba CG_DrawSides
0     3f0d CG_DrawTopBottom
0     3f60 CG_DrawRect
0     3f92 CG_DrawPic
0     3fba CG_FileExist^4
0     3fe9 CG_LoadFont^4
0     4422 CG_LoadFonts
0     4433 DrawStringLength^4
0     44b0 CG_DrawString
0     474b CG_DrawStrlen
0     478e CG_TileClearBox^4
0     47d5 CG_TileClear
0     4862 CG_FadeColor
0     48a4 CG_GetColorForHealth
0     4931 CG_ColorForHealth
0     4946 UI_ProportionalStringWidth
0     4989 UI_DrawProportionalString2^4
0     4a57 UI_ProportionalSizeScale
0     4a66 UI_DrawProportionalString
0     4bb7 CG_BubbleTrail
0     4d50 CG_SmokePuff
0     4ee5 CG_SpawnEffect
0     4f83 CG_LightningBoltBeam
0     4fc9 CG_KamikazeEffect
0     5063 CG_ObeliskExplode
0     509e CG_ObeliskPain
0     50d1 CG_InvulnerabilityImpact
0     5193 CG_InvulnerabilityJuiced
0     523b CG_ScorePlum
0     52fb CG_MakeExplosion
0     5411 CG_Bleed
0     5479 CG_LaunchGib^5
0     54f6 CG_GibPlayer
0     57b9 CG_PositionEntityOnTag
0     5875 CG_PositionRotatedEntityOnTag
0     5933 CG_SetEntitySoundPosition
0     5990 CG_EntityEffects^6
0     5a2f CG_General^6
0     5a8c CG_Speaker^6
0     5aea CG_Item^6
0     5f11 CG_Missile^6
0     6079 CG_Grapple^6
0     60ec CG_Mover^6
0     6160 CG_Beam
0     6190 CG_Portal^6
0     61fd CG_AdjustPositionForMover
0     62d7 CG_InterpolateEntityPosition^6
0     6397 CG_CalcEntityLerpPositions^6
0     643e CG_TeamBase^6
0     6772 CG_AddCEntity^6
0     67fc CG_AddPacketEntities
0     68a5 CG_PlaceString
0     694f CG_Obituary^7
0     6c6e CG_UseItem^7
0     6d24 CG_ItemPickup^7
0     6d6f CG_WaterLevel
0     6e0f CG_PainEvent
0     6ec8 CG_EntityEvent
0     7947 CG_CheckEvents
0     79df CG_DrawLoadingIcons^8
0     7a52 CG_LoadingString
0     7a91 CG_LoadingItem
0     7ace CG_LoadingClient
0     7bc7 CG_DrawInformation
0     7ea9 CG_InitLocalEntities
0     7edd CG_FreeLocalEntity
0     7f11 CG_AllocLocalEntity
0     7f4f CG_BloodTrail
0     7fb8 CG_FragmentBounceMark
0     8049 CG_FragmentBounceSound
0     809d CG_ReflectVelocity
0     8193 CG_AddFragment^9
0     8296 CG_AddFadeRGB^9
0     83b2 CG_AddMoveScaleFade^9
0     84a8 CG_EmitPolyVerts^9
0     86d9 CG_AddScaleFade^9
0     877c CG_AddFallScaleFade^9
0     8838 CG_AddExplosion^9
0     88b5 CG_AddSpriteExplosion^9
0     8989 CG_AddKamikaze
0     8e17 CG_AddInvulnerabilityImpact
0     8e22 CG_AddInvulnerabilityJuiced
0     8e7b CG_AddRefEntity^9
0     8e96 CG_AddScorePlum
0     90bc CG_AddLocalEntities
0     9164 CG_InitMarkPolys
0     9198 CG_FreeMarkPoly
0     91cc CG_AllocMark
0     9223 CG_ImpactMark
0     94fa CG_AddMarks
0     96fe CG_ClearParticles
0     9799 CG_AddParticleToScene
0     afe3 CG_AddParticles
0     b1da CG_ParticleExplosion
0     b2db CG_CustomSound
0     b34b CG_ParseAnimationFile^11
0     b7a1 CG_FileExists^11
0     b7c7 CG_FindClientModelFile^11
0     b95e CG_FindClientHeadFile^11
0     bb0f CG_RegisterClientSkin^11
0     bbd6 CG_RegisterClientModelname^11
0     be34 CG_IsKnownModel^11
0     bf68 CG_ColorFromChar^11
0     bfc2 CG_SetColorInfo^11
0     c074 CG_GetTeamColors^11
0     c0b4 CG_LoadClientInfo^11
0     c2c0 CG_CopyClientInfoModel^11
0     c358 CG_ScanForExistingClientInfo^11
0     c3ef CG_SetDeferredClientInfo^11
0     c4f6 CG_SetSkinAndModel^11
0     c99a CG_NewClientInfo
0     cc5a CG_LoadDeferredPlayers
0     cc9d CG_SetLerpFrameAnimation^11
0     ccf3 CG_RunLerpFrame^11
0     cec9 CG_ClearLerpFrame^11
0     cf06 CG_PlayerAnimation^11
0     cfcc CG_SwingAngles^11
0     d0cd CG_AddPainTwitch^11
0     d114 CG_PlayerAngles^11
0     d2f9 CG_HasteTrail^11
0     d36a CG_BreathPuffs^11
0     d446 CG_DustTrail^11
0     d4e9 CG_TrailItem^11
0     d548 CG_PlayerFlag^11
0     d6e7 CG_PlayerTokens^11
0     d897 CG_PlayerPowerups^11
0     d9db CG_PlayerFloatSprite^11
0     da27 CG_PlayerSprites^11
0     db26 CG_PlayerShadow^11
0     dbb0 CG_PlayerSplash^11
0     dc9e CG_AddRefEntityWithPowerups
0     dd16 CG_Player
0     e4d2 CG_ResetPlayerEntity
0     e5d2 CG_CheckAmmo
0     e651 CG_DamageFeedback
0     e7c4 CG_Respawn
0     e7de CG_CheckPlayerstateEvents^12
0     e8da pushReward^12
0     e907 CG_CheckLocalSounds
0     ec66 CG_TransitionPlayerState
0     ed20 CG_BuildSolidList
0     edac CG_ClipMoveToEntities^13
0     ee9d CG_Trace
0     eedd CG_PointContents
0     ef4d CG_InterpolatePlayerState^13
0     f06f CG_StoreEvent
0     f0b2 CG_PlayDroppedEvents
0     f147 CG_AddArmor^13
0     f163 CG_AddAmmo^13
0     f1aa CG_AddWeapon^13
0     f1e7 CG_CheckArmor^13
0     f21d CG_AddFallDamage
0     f268 CG_PickupPrediction^13
0     f3ab CG_TouchItem^13
0     f4bb CG_TouchTriggerPrediction^13
0     f569 CG_CheckTimers^13
0     f626 CG_IsUnacceptableError^13
0     fc9a CG_PredictPlayerState
0    10018 CG_ValidOrder^15
0    1004a CG_ParseScores^15
0    10268 CG_ParseTeamInfo^15
0    1033f CG_ParseServerinfo
0    10494 CG_ParseSysteminfo
0    10505 CG_ParseWarmup^15
0    105a1 CG_SetConfigValues
0    10612 CG_ShaderStateChanged
0    106be CG_ConfigStringModified^15
0    108a7 CG_AddToTeamChat^15
0    10a09 CG_MapRestart^15
0    10a82 CG_ParseVoiceChats
0    10ce1 CG_LoadVoiceChats
0    10d43 CG_HeadModelVoiceChats
0    10dd9 CG_GetVoiceChat
0    10e4d CG_VoiceChatListForClient
0    1101b CG_PlayVoiceChat
0    11090 CG_PlayBufferedVoiceChats
0    110be CG_AddBufferedVoiceChat
0    110f8 CG_VoiceChatLocal
0    111b3 CG_VoiceChat
0    1124c CG_RemoveChatEscapeChar^15
0    1128e CG_ServerCommand^15
0    11520 CG_ExecuteNewServerCommands
0    11547 CG_ResetEntity^16
0    1158b CG_TransitionEntity^16
0    115b8 CG_SetInitialSnapshot
0    11630 CG_TransitionSnapshot^16
0    1171a CG_SetNextSnap^16
0    11825 CG_ReadNextSnapshot^16
0    11893 CG_ProcessSnapshots
0    11939 CG_TestModel_f
0    119c6 CG_TestGun_f
0    119d2 CG_TestModelNextFrame_f
0    119e8 CG_TestModelPrevFrame_f
0    11a05 CG_TestModelNextSkin_f
0    11a1b CG_TestModelPrevSkin_f
0    11a38 CG_AddTestModel^17
0    11abd CG_CalcVrect^17
0    11b2a CG_OffsetThirdPersonView^17
0    11c95 CG_StepOffset^17
0    11cb7 CG_OffsetFirstPersonView^17
0    11ee3 CG_ZoomDown_f
0    11ef3 CG_ZoomUp_f
0    11f03 CG_CalcFov^17
0    12033 CG_DamageBlendBlob^17
0    12111 CG_CalcViewValues^17
0    12221 CG_PowerupTimerSounds^17
0    1226c CG_AddBufferedSound
0    122a8 CG_PlayBufferedSounds^17
0    122ea CG_FirstFrame^17
0    1233f CG_DrawActiveFrame
0    124ac CG_MachineGunEjectBrass^18
0    12693 CG_ShotgunEjectBrass^18
0    128a8 CG_NailgunEjectBrass^18
0    1294a CG_RailTrail
0    12cce CG_RocketTrail^18
0    12db1 CG_NailTrail^18
0    12e94 CG_PlasmaTrail^18
0    13144 CG_GrappleTrail
0    131d5 CG_GrenadeTrail^18
0    131e1 CG_RegisterWeapon
0    13836 CG_RegisterItemVisuals
0    1392a CG_MapTorsoToWeaponFrame^18
0    139a4 CG_CalculateWeaponPosition^18
0    13a8b CG_LightningBolt^18
0    13c52 CG_SpawnRailTrail^18
0    13c86 CG_MachinegunSpinAngle^18
0    13d44 CG_AddWeaponWithPowerups^18
0    13d88 CG_AddPlayerWeapon
0    142a1 CG_AddViewWeapon
0    14418 CG_DrawWeaponSelect
0    145c8 CG_WeaponSelectable^18
0    145ed CG_NextWeapon_f
0    14647 CG_PrevWeapon_f
0    146a1 CG_LastWeapon_f
0    146ce CG_Weapon_f
0    14717 CG_OutOfAmmoChange
0    1474b CG_FireWeapon
0    1481f CG_MissileHitWall
0    14b84 CG_MissileHitPlayer
0    14bb4 CG_ShotgunPellet^18
0    14c8b CG_ShotgunPattern^18
0    14d5f CG_ShotgunFire
0    14e26 CG_Tracer
0    15035 CG_CalcMuzzlePoint^18
0    1512f CG_Bullet
0    151f4 PM_SlideMove
0    155d4 PM_StepSlideMove
0    1575c PM_AddEvent
0    1576d PM_AddTouchEnt
0    157c2 PM_StartTorsoAnim^20
0    157e5 PM_StartLegsAnim^20
0    15812 PM_ContinueLegsAnim^20
0    15832 PM_ContinueTorsoAnim^20
0    15852 PM_ForceLegsAnim^20
0    15862 PM_ClipVelocity
0    158cf PM_Friction^20
0    159d2 PM_Accelerate^20
0    15a4c PM_CmdScale^20
0    15af0 PM_SetMovementDir^20
0    15c0f PM_CheckJump^20
0    15c9c PM_CheckWaterJump^20
0    15d80 PM_WaterJumpMove^20
0    15dc1 PM_WaterMove^20
0    15efa PM_InvulnerabilityMove^20
0    15f24 PM_FlyMove^20
0    15faf PM_AirMove^20
0    16054 PM_GrappleMove^20
0    16112 PM_WalkMove^20
0    1631e PM_DeadMove^20
0    16395 PM_NoclipMove^20
0    164e9 PM_FootstepForSurface^20
0    16502 PM_CrashLand^20
0    165ff PM_CorrectAllSolid^20
0    166e6 PM_GroundTraceMissed^20
0    1677f PM_GroundTrace^20
0    168ef PM_SetWaterLevel^20
0    169bc PM_CheckDuck^20
0    16b0b PM_Footsteps^20
0    16c54 PM_WaterEvents^20
0    16c97 PM_BeginWeaponChange^20
0    16cf0 PM_FinishWeaponChange^20
0    16d47 PM_TorsoAnimation^20
0    16d66 PM_Weapon^20
0    16fc9 PM_Animate^20
0    170a8 PM_DropTimers^20
0    17132 PM_UpdateViewAngles
0    171d7 PmoveSingle
0    174d0 Pmove
0    1756f swapfunc^21
0    175f6 med3^21
0    17679 qsort
0    17a28 strlen
0    17a43 strcat
0    17a79 strcpy
0    17aa1 strcmp
0    17ad5 strchr
0    17afd strstr
0    17b43 tolower
0    17b5b toupper
0    17b73 memmove
0    17bba tan
0    17bd1 rand
0    17be6 atof
0    17ca3 atoi
0    17d17 abs
0    17d2c fabs
0    17d41 BG_FindItemForPowerup
0    17d84 BG_FindItemForHoldable
0    17dbc BG_PlayerTouchesItem
0    17e16 BG_CanItemBeGrabbed
0    1800d BG_EvaluateTrajectory
0    181df BG_EvaluateTrajectoryDelta
0    182c1 BG_AddPredictableEventToPlayerstate
0    18308 BG_TouchJumpPad
0    1837a BG_PlayerStateToEntityState
0    18583 replace1
0    185b9 BG_StripColor
0    1860e hex2dec^22
0    18694 DecodedString
0    1877f BG_CleanName
0    1887e Q_stradd
0    188a9 Q_strlen
0    188c4 AddInt^22
0    18993 AddFloat^22
0    18a9c AddString^22
0    18b22 ED_vsprintf
0    18d0a BG_sprintf
0    18d27 Q_rand
0    18d3c Q_random
0    18d4e Q_crandom
0    18d5f VectorCompare
0    18d8d VectorLength
0    18dbe VectorLengthSquared
0    18de8 Distance
0    18e1f VectorInverse
0    18e4b CrossProduct
0    18eb0 ByteToDir
0    18ece RotatePointAroundVector
0    18fd7 RotateAroundDirection
0    1901b vectoangles
0    190cd AnglesToAxis
0    19102 AxisClear
0    19139 AxisCopy
0    19153 ProjectPointOnPlane
0    1920a Q_fabs
0    1921a LerpAngle
0    1924b AngleSubtract
0    19270 AnglesSubtract
0    192b2 AngleMod
0    192c4 AngleNormalize360
0    192d2 AngleNormalize180
0    192ed AngleDelta
0    192fd VectorNormalize
0    1936b VectorNormalize2
0    193e3 MatrixMultiply
0    19588 AngleVectors
0    19676 PerpendicularVector
0    196d4 COM_StripExtension
0    1971b COM_BeginParseSession
0    19730 COM_Parse
0    1973f SkipWhitespace^24
0    19776 COM_Compress
0    198c6 COM_ParseExt
0    19a1f SkipRestOfLine
0    19a59 Q_strrchr
0    19a8d Q_strncpyz
0    19ac8 Q_stricmpn
0    19b4b Q_stricmp
0    19bc4 Q_strupr
0    19bea Q_strcat
0    19c16 Q_CleanStr
0    19c73 Com_sprintf
0    19ca2 va
0    19ccd Q_strkey^24
0    19d00 Info_ValueForKey
0    19de8 UI_Alloc
0    19e22 UI_InitMemory
0    19e2b hashForString^25
0    19e6b String_Alloc
0    19f3f String_Init
0    19f7e PC_SourceError
0    19fae LerpColor
0    1a00f Float_Parse
0    1a03b PC_Float_Parse
0    1a090 Color_Parse
0    1a0bd PC_Color_Parse
0    1a0ea Int_Parse
0    1a116 PC_Int_Parse
0    1a16e Rect_Parse
0    1a1b5 PC_Rect_Parse
0    1a1fc String_Parse
0    1a228 PC_String_Parse
0    1a249 PC_Script_Parse
0    1a2d1 Init_Display
0    1a2d8 GradientBar_Paint
0    1a319 Window_Init
0    1a355 Fade
0    1a3c6 Window_Paint
0    1a798 Item_SetScreenCoords
0    1a804 Item_UpdatePosition
0    1a852 Menu_UpdatePosition
0    1a8a9 Menu_PostParse
0    1a8d5 Menu_ClearFocus
0    1a95b IsVisible
0    1a979 Rect_ContainsPoint
0    1a9bd Menu_ItemsMatchingGroup
0    1aa24 Menu_GetMatchingItemByNumber
0    1aa9c Script_SetColor
0    1ab32 Script_SetAsset
0    1ab49 Script_SetBackground
0    1ab69 Menu_FindItemByName
0    1abb3 Script_SetTeamColor
0    1abe4 Script_SetItemColor
0    1acb7 Menu_ShowItemByName
0    1ad29 Menu_FadeItemByName
0    1ad9d Menus_FindByName
0    1adce Menus_OpenByName
0    1add7 Menu_RunCloseScript^25
0    1ae01 Menus_CloseByName
0    1ae27 Script_Show
0    1ae45 Script_Hide
0    1ae63 Script_FadeIn
0    1ae81 Script_FadeOut
0    1ae9f Script_Open
0    1aeb5 Script_ConditionalOpen
0    1af00 Script_Close
0    1af16 Menu_TransitionItemByName
0    1afed Script_Transition
0    1b04d Menu_OrbitItemByName
0    1b0ba Script_Orbit
0    1b126 Script_SetFocus
0    1b1a9 Script_SetPlayerModel
0    1b1c5 Script_SetPlayerHead
0    1b1e1 Script_SetCvar
0    1b20b Script_Exec
0    1b230 Script_Play
0    1b259 Script_playLooped
0    1b281 Item_RunScript
0    1b318 Item_EnableShowViaCvar
0    1b3ed Item_SetFocus
0    1b555 Item_ListBox_MaxScroll
0    1b5af Item_ListBox_ThumbPosition
0    1b636 Item_ListBox_ThumbDrawPosition
0    1b6f3 Item_Slider_ThumbPosition
0    1b786 Item_Slider_OverSlider
0    1b7bb Item_ListBox_OverLB
0    1b986 Item_ListBox_MouseEnter
0    1bab6 Item_MouseEnter
0    1bbc3 Item_MouseLeave
0    1bc0f Item_SetMouseOver
0    1bc38 Item_OwnerDraw_HandleKey
0    1bc6d Item_ListBox_HandleKey
0    1c165 Item_YesNo_HandleKey
0    1c1e4 Item_Multi_CountSettings
0    1c1fc Item_Multi_FindCvarByValue
0    1c281 Item_Multi_Setting
0    1c312 Item_Multi_HandleKey
0    1c3fe Item_TextField_HandleKey
0    1c779 Scroll_ListBox_AutoFunc^25
0    1c7d6 Scroll_ListBox_ThumbFunc^25
0    1c955 Scroll_Slider_ThumbFunc^25
0    1c9ed Item_StartCapture
0    1cacc Item_StopCapture
0    1cacf Item_Slider_HandleKey
0    1cbc6 Item_HandleKey
0    1cc95 Item_Action
0    1ccac Menu_SetPrevCursorItem
0    1cd7d Menu_SetNextCursorItem
0    1ce4a Window_CloseCinematic^25
0    1ce72 Menu_CloseCinematics^25
0    1cec6 Display_CloseCinematics^25
0    1cee3 Menus_Activate
0    1cf38 Display_VisibleMenuCount
0    1cf62 Menus_HandleOOBClick
0    1d01c Item_CorrectedTextRect^25
0    1d044 Menu_HandleKey
0    1d332 ToWindowCoords
0    1d37a Item_SetTextExtents
0    1d504 Item_TextColor
0    1d639 Item_Text_AutoWrapped_Paint
0    1d7de Item_Text_Wrapped_Paint
0    1d8df Item_Text_Paint
0    1d97a Item_TextField_Paint
0    1dae1 Item_YesNo_Paint
0    1dbef Item_Multi_Paint
0    1dcd1 Controls_GetKeyAssignment^25
0    1dd2f Controls_GetConfig
0    1dd61 Controls_SetConfig
0    1ddbf BindingIDFromName
0    1ddec BindingFromName
0    1de6b Item_Slider_Paint
0    1df6e Item_Bind_Paint
0    1e0a2 Item_Bind_HandleKey
0    1e25a AdjustFrom640
0    1e2b1 Item_Model_Paint
0    1e3f9 Item_ListBox_Paint
0    1e91f Item_OwnerDraw_Paint
0    1ebd5 Item_Paint
0    1f087 Menu_Init
0    1f0be Menu_GetFocused
0    1f0f2 Menu_ScrollFeeder
0    1f140 Menu_SetFeederSelection
0    1f1dd Menus_ActivateByName
0    1f254 Item_Init
0    1f26d Menu_HandleMouseMove
0    1f3d0 Menu_Paint
0    1f4d8 Item_ValidateTypeData
0    1f595 KeywordHash_Key
0    1f5f9 KeywordHash_Add
0    1f61f KeywordHash_Find
0    1f65a ItemParse_name
0    1f673 ItemParse_focusSound
0    1f69d ItemParse_text
0    1f6b6 ItemParse_group
0    1f6cf ItemParse_asset_model
0    1f70f ItemParse_asset_shader
0    1f735 ItemParse_model_origin
0    1f77b ItemParse_model_fovx
0    1f7a1 ItemParse_model_fovy
0    1f7c7 ItemParse_model_rotation
0    1f7ed ItemParse_model_angle
0    1f811 ItemParse_rect
0    1f82a ItemParse_style
0    1f843 ItemParse_decoration
0    1f856 ItemParse_notselectable
0    1f879 ItemParse_wrapped
0    1f88c ItemParse_autowrapped
0    1f89f ItemParse_horizontalscroll
0    1f8b2 ItemParse_type
0    1f8d1 ItemParse_elementwidth
0    1f8f7 ItemParse_elementheight
0    1f91d ItemParse_feeder
0    1f936 ItemParse_elementtype
0    1f967 ItemParse_columns
0    1fa0a ItemParse_border
0    1fa23 ItemParse_bordersize
0    1fa3c ItemParse_visible
0    1fa64 ItemParse_ownerdraw
0    1fa83 ItemParse_align
0    1fa9c ItemParse_textalign
0    1fab5 ItemParse_textalignx
0    1face ItemParse_textaligny
0    1fae7 ItemParse_textscale
0    1fb00 ItemParse_textstyle
0    1fb19 ItemParse_backcolor
0    1fb48 ItemParse_forecolor
0    1fb85 ItemParse_bordercolor
0    1fbb4 ItemParse_outlinecolor
0    1fbcd ItemParse_background
0    1fbf3 ItemParse_cinematic
0    1fc0c ItemParse_doubleClick
0    1fc3d ItemParse_onFocus
0    1fc56 ItemParse_leaveFocus
0    1fc6f ItemParse_mouseEnter
0    1fc88 ItemParse_mouseExit
0    1fca1 ItemParse_mouseEnterText
0    1fcba ItemParse_mouseExitText
0    1fcd3 ItemParse_action
0    1fcec ItemParse_special
0    1fd05 ItemParse_cvarTest
0    1fd1e ItemParse_cvar
0    1fd5b ItemParse_maxChars
0    1fd90 ItemParse_maxPaintChars
0    1fdc5 ItemParse_cvarFloat
0    1fe24 ItemParse_cvarStrList
0    1fee9 ItemParse_cvarFloatList
0    1ffa4 ItemParse_addColorRange
0    20001 ItemParse_ownerdrawFlag
0    20026 ItemParse_enableCvar
0    20045 ItemParse_disableCvar
0    20064 ItemParse_showCvar
0    20083 ItemParse_hideCvar
0    200a2 Item_SetupKeywordHash
0    200ce Item_Parse
0    2014d Item_InitControls
0    20184 MenuParse_font
0    201c6 MenuParse_name
0    201f3 MenuParse_fullscreen
0    20210 MenuParse_rect
0    2022b MenuParse_style
0    20248 MenuParse_visible
0    20274 MenuParse_onOpen
0    20291 MenuParse_onClose
0    202ae MenuParse_onESC
0    202cb MenuParse_border
0    202e8 MenuParse_borderSize
0    20305 MenuParse_backcolor
0    20338 MenuParse_forecolor
0    20379 MenuParse_bordercolor
0    203ac MenuParse_focuscolor
0    203df MenuParse_disablecolor
0    20412 MenuParse_outlinecolor
0    2042f MenuParse_background
0    20459 MenuParse_cinematic
0    20476 MenuParse_ownerdrawFlag
0    2049f MenuParse_ownerdraw
0    204bc MenuParse_popup
0    204d3 MenuParse_outOfBounds
0    204ea MenuParse_soundLoop
0    20507 MenuParse_fadeClamp
0    20524 MenuParse_fadeAmount
0    20541 MenuParse_fadeCycle
0    2055e MenuParse_itemDef
0    205e3 Menu_SetupKeywordHash
0    2060f Menu_Parse
0    20697 Menu_New
0    206cb Menu_Count
0    206d1 Menu_PaintAll
0    2072a Menu_Reset
0    20730 Display_CaptureItem
0    20765 Display_MouseMove
0    207dd Display_CursorType
0    20829 Display_HandleKey
0    20856 Menu_OverActiveItem^25
0    20909 CG_InitTeamChat
0    20927 CG_CheckOrderPending
0    20a08 CG_SetSelectedPlayerName^26
0    20a55 CG_GetSelectedPlayer
0    20a67 CG_SelectNextPlayer
0    20a89 CG_SelectPrevPlayer
0    20aac CG_DrawPlayerArmorIcon^26
0    20b45 CG_DrawPlayerArmorValue^26
0    20bde CG_DrawPlayerAmmoIcon^26
0    20c9a CG_DrawPlayerAmmoValue^26
0    20d46 CG_DrawPlayerHead^26
0    20ebd CG_DrawSelectedPlayerHealth^26
0    20f56 CG_DrawSelectedPlayerArmor^26
0    20ff6 CG_StatusHandle
0    21042 CG_DrawSelectedPlayerStatus^26
0    210aa CG_DrawPlayerStatus^26
0    210ea CG_DrawSelectedPlayerName^26
0    21139 CG_DrawSelectedPlayerLocation^26
0    21199 CG_DrawPlayerLocation^26
0    211f3 CG_DrawSelectedPlayerWeapon^26
0    21261 CG_DrawPlayerScore^26
0    212e9 CG_DrawPlayerItem^26
0    21372 CG_DrawSelectedPlayerPowerup^26
0    213f2 CG_DrawSelectedPlayerHead^26
0    214f8 CG_DrawPlayerHealth^26
0    21586 CG_DrawRedScore^26
0    215e3 CG_DrawBlueScore^26
0    21640 CG_DrawRedName^26
0    21669 CG_DrawBlueName^26
0    21692 CG_DrawBlueFlagName^26
0    216ef CG_DrawBlueFlagStatus^26
0    217bd CG_DrawBlueFlagHead^26
0    2182b CG_DrawRedFlagName^26
0    21888 CG_DrawRedFlagStatus^26
0    21956 CG_DrawRedFlagHead^26
0    219c4 CG_HarvesterSkulls^26
0    21aad CG_OneFlagStatus^26
0    21b2b CG_DrawCTFPowerUp^26
0    21b6a CG_DrawTeamColor^26
0    21b9a CG_DrawAreaPowerUp^26
0    21d3e CG_GetValue
0    21e03 CG_OtherTeamHasFlag
0    21e53 CG_YourTeamHasFlag
0    21ea3 CG_OwnerDrawVisible
0    21fe7 CG_DrawPlayerHasFlag^26
0    220a3 CG_DrawAreaSystemChat^26
0    220cb CG_DrawAreaTeamChat^26
0    220f3 CG_DrawAreaChat^26
0    2211b CG_GetKillerText
0    22135 CG_DrawKiller^26
0    2218f CG_DrawCapFragLimit^26
0    221ce CG_Draw1stPlace^26
0    221ff CG_Draw2ndPlace^26
0    22230 CG_GetGameStatusText
0    222a0 CG_DrawGameStatus^26
0    222ce CG_GameTypeString
0    22303 CG_DrawGameType^26
0    22331 CG_Text_Paint_Limit^26
0    2246d CG_DrawNewTeamInfo
0    226c5 CG_DrawTeamSpectators
0    2280c CG_DrawMedal
0    2294d CG_OwnerDraw
0    22c79 CG_MouseEvent
0    22d1b CG_HideTeamMenu
0    22d28 CG_EventHandling
0    22d42 CG_KeyEvent
0    22d95 CG_ShowResponseHead
0    22da8 CG_RunMenuScript
0    22dab CG_GetTeamColor
1        4 forceModelModificationCount
1        8 enemyModelModificationCount
1        c enemyColorsModificationCount
1       10 teamModelModificationCount
1       14 teamColorsModificationCount
1       18 intShaderTime
1       1c linearLight
1       44 cvarTable^0
1      780 commands^2
1      900 menuScoreboard
1      94c font^4
1      950 metrics^4
1      954 propMap^4
1     1238 shaderAnimNames^10
1     12b8 shaderAnimCounts^10
1     1338 shaderAnimSTRatio^10
1     13b8 cl_numparticles
1     13bc initparticles
1     13c0 roll^10
1     13c4 cg_customSoundNames^11
1     14a4 validOrders^15
1     14ec numValidOrders^15
1     1594 pm_stopspeed
1     1598 pm_duckScale
1     159c pm_swimScale
1     15a0 pm_accelerate
1     15a4 pm_airaccelerate
1     15a8 pm_wateraccelerate
1     15ac pm_flyaccelerate
1     15b0 pm_friction
1     15b4 pm_waterfriction
1     15b8 pm_flightfriction
1     15bc pm_spectatorfriction
1     15c0 c_pmove
1     15c4 pm_respawntimer^20
1     15fc randSeed^21
1     1600 bg_itemlist
1     2160 bg_numItems
1     21b8 eventnames
1     23e8 vec3_origin
1     23f4 axisDefault
1     2418 colorBlack
1     2428 colorRed
1     2438 colorGreen
1     2448 colorBlue
1     2458 colorYellow
1     2468 colorMagenta
1     2478 colorCyan
1     2488 colorWhite
1     2498 colorOrange
1     24a8 colorPink
1     24b8 g_color_table
1     2558 bytedirs
1     2cf8 captureFunc^25
1     2cfc captureData^25
1     2d00 itemCapture^25
1     2d04 DC
1     2d08 g_waitingForKey^25
1     2d0c g_editingField^25
1     2d10 g_bindItem^25
1     2d14 g_editItem^25
1     2d18 menuCount
1     2d1c openMenuCount
1     2d20 debugMode^25
1     2d24 lastListBoxClickTime^25
1     2d28 strPoolIndex^25
1     2d2c strHandleCount^25
1     2d34 commandList
1     2ddc scriptCommandCount
1     2ea0 g_bindings^25
1     3440 g_bindCount^25
1     347c itemParseKeywords
1     3770 menuParseKeywords
1     38dc drawTeamOverlayModificationCount
2     6ea7 locase
2   47f740 _stackStart
2   48f740 _stackEnd
3     1800 trap_GetValue
3     1804 cgDC
3    136d8 trap_R_AddLinearLightToScene
3    136dc trap_R_AddRefEntityToScene2
3    136e0 cg_followKiller
3    137f0 cg_fovAdjust
3    13900 cg_deadBodyDarken
3    13a10 cg_teamColors
3    13b20 cg_teamModel
3    13c30 cg_enemyColors
3    13d40 cg_enemyModel
3    13e50 cg_hitSounds
3    13f60 cg_kickScale
3    14070 cg_trueLightning
3    14180 cg_oldPlasma
3    14290 cg_oldRocket
3    143a0 cg_oldRail
3    144b0 cg_bigFont
3    145c0 cg_smallFont
3    146d0 cg_noProjectileTrail
3    147e0 cg_noTaunt
3    148f0 cg_cameraMode
3    14a00 cg_smoothClients
3    14b10 cg_scorePlum
3    14c20 cg_timescale
3    14d30 cg_timescaleFadeSpeed
3    14e40 cg_timescaleFadeEnd
3    14f50 cg_cameraOrbitDelay
3    15060 cg_cameraOrbit
3    15170 cg_hudFiles
3    15280 cg_obeliskRespawnDelay
3    15390 cg_recordSPDemoName
3    154a0 cg_recordSPDemo
3    155b0 cg_singlePlayerActive
3    156c0 cg_enableBreath
3    157d0 cg_enableDust
3    158e0 cg_singlePlayer
3    159f0 cg_currentSelectedPlayerName
3    15b00 cg_currentSelectedPlayer
3    15c10 cg_blueTeamName
3    15d20 cg_redTeamName
3    15e30 cg_blood
3    15f40 cg_paused
3    16050 cg_buildScript
3    16160 cg_noVoiceText
3    16270 cg_noVoiceChats
3    16380 cg_teamChatsOnly
3    16490 cg_drawFriend
3    165a0 cg_stats
3    166b0 cg_teamOverlayUserinfo
3    167c0 cg_drawTeamOverlay
3    168d0 cg_deferPlayers
3    169e0 cg_predictItems
3    16af0 cg_forceModel
3    16c00 cg_teamChatHeight
3    16d10 cg_teamChatTime
3    16e20 cg_thirdPerson
3    16f30 cg_thirdPersonAngle
3    17040 cg_thirdPersonRange
3    17150 cg_tracerLength
3    17260 cg_tracerWidth
3    17370 cg_tracerChance
3    17480 cg_footsteps
3    17590 cg_showmiss
3    176a0 cg_noPlayerAnims
3    177b0 cg_nopredict
3    178c0 cg_errorDecay
3    179d0 cg_debugEvents
3    17ae0 cg_debugPosition
3    17bf0 cg_debugAnim
3    17d00 cg_animSpeed
3    17e10 cg_swingSpeed
3    17f20 cg_bobroll
3    18030 cg_bobpitch
3    18140 cg_bobup
3    18250 cg_runroll
3    18360 cg_runpitch
3    18470 cg_centertime
3    18580 cg_gun_z
3    18690 cg_gun_y
3    187a0 cg_gun_x
3    188b0 cg_gun_frame
3    189c0 cg_railTrailRadius
3    18ad0 cg_railTrailTime
3    18be0 cg_lagometer
3    18cf0 cg_addMarks
3    18e00 cg_simpleItems
3    18f10 cg_brassTime
3    19020 cg_crosshairY
3    19130 cg_crosshairX
3    19240 cg_crosshairHealth
3    19350 cg_crosshairSize
3    19460 cg_drawWeaponSelect
3    19570 cg_drawRewards
3    19680 cg_crosshairColor
3    19790 cg_drawCrosshairNames
3    198a0 cg_drawCrosshair
3    199b0 cg_drawSpeed
3    19ac0 cg_drawAttacker
3    19bd0 cg_drawAmmoWarning
3    19ce0 cg_drawIcons
3    19df0 cg_draw3dIcons
3    19f00 cg_drawSnapshot
3    1a010 cg_drawFPS
3    1a120 cg_drawTimer
3    1a230 cg_drawStatus
3    1a340 cg_draw2D
3    1a450 cg_gibs
3    1a560 cg_shadows
3    1a670 cg_viewsize
3    1a780 cg_fov
3    1a890 cg_zoomFov
3    1a9a0 cg_drawGun
3    1aab0 cg_autoswitch
3    1abc0 cg_ignore
3    1acd0 cg_playback_follow
3    1acd4 cg_items
3    1c8d4 cg_weapons
3    1d154 cg_entities
3    d6154 cg
3    fc6cc cgs
3   121158 lagometer
3   121760 teamChat2
3   121860 teamChat1
3   121960 systemChat
3   121a60 numSortedTeamPlayers
3   121a64 sortedTeamPlayers
3   121af4 numbers^4
3   124718 bigchars^4
3   127388 loadingItemIcons^8
3   1273f0 loadingPlayerIcons^8
3   127430 loadingItemIconCount^8
3   127434 loadingPlayerIconCount^8
3   127438 cg_freeLocalEntities
3   12743c cg_activeLocalEntities
3   127560 cg_localEntities
3   1b9560 oldtime
3   1b9564 rup
3   1b9570 rright
3   1b957c rforward
3   1b9588 pvup
3   1b9594 pvright
3   1b95a0 pvforward
3   1b95ac particles
3   1d85ac free_particles
3   1d85b0 active_particles
3   1d85b4 numShaderAnims^10
3   1d85b8 shaderAnims^10
3   1da5b8 markTotal^10
3   1da5bc cg_freeMarkPolys
3   1da5c0 cg_activeMarkPolys
3   1da6e0 cg_markPolys
3   1ec6e8 eventParm2
3   1ec728 eventParms
3   1ec768 events
3   1ec7a8 eventStack
3   1ec7ac cg_triggerEntities^13
3   1ecbac cg_numTriggerEntities^13
3   1ecbb0 cg_solidEntities^13
3   1ecfb0 cg_numSolidEntities^13
3   1ecfb4 cg_pmove^13
3   1ed098 voiceChatBuffer
3   1ef798 headModelVoiceChat
3   1f0898 voiceChatLists
3   4192d8 pml
3   419364 pm
3   430d80 com_tokenline^24
3   430d84 com_lines^24
3   430d88 com_parsename^24
3   431188 com_token^24
3   432598 menuParseKeywordHash
3   432d98 itemParseKeywordHash
3   433598 g_nameBind2
3   4335b8 g_nameBind1
3   4335d8 strHandle^25
3   4355d8 strPool^25
3   4555d8 outOfMemory^25
3   4555dc allocPoint^25
3   4555e0 memoryPool^25
3   4755e0 menuStack
3   475620 Menus
3   47f720 scrollInfo^25
